// Jest Snapshot v1, https://goo.gl/fbAQLP

exports[`HomePage it should render 1`] = `
<div
  className="page container"
>
  <div
    className="jumbotron jumbotron-fluid"
  >
    <div
      className="container"
    >
      <h1>
        Welcome Home!
      </h1>
      <a
        href="/hello"
        onClick={[Function]}
      >
        Say Hello
      </a>
    </div>
  </div>
</div>
`;
