// Jest Snapshot v1, https://goo.gl/fbAQLP

exports[`HomePage it should render 1`] = `
<div
  className="page container-fluid"
>
  <div
    className="App"
  >
    <header
      className="App-header"
    >
      <img
        alt="logo"
        className="App-logo"
        src="/images/react.svg"
      />
      <h2>
        React App
      </h2>
      <small>
        A React starter app with SSR support.
      </small>
    </header>
    <br />
    <br />
    <div
      className="Content container"
    >
      <div
        className="row"
      >
        <div
          className="col-md-4 col-sm-10 offset-md-4 offset-sm-1"
        >
          <h5>
            This starter-kit was built with:
          </h5>
          <ul>
            <li>
              React v16.8
            </li>
            <li>
              Redux
            </li>
            <li>
              React Router
            </li>
            <li>
              Webpack v4
            </li>
            <li>
              Babel v7
            </li>
            <li>
              Express v4
            </li>
            <li>
              Configuration (using 
              <a
                href="https://www.npmjs.com/package/confit"
                target="blank"
              >
                confit
              </a>
               / 
              <a
                href="https://www.npmjs.com/package/meddleware"
                target="blank"
              >
                meddleware
              </a>
              )
            </li>
            <li>
              Code splitting (using 
              <a
                href="https://loadable-components.com/docs/getting-started/"
                target="blank"
              >
                Loadable Components
              </a>
              )
            </li>
            <li>
              React Bootstrap
            </li>
          </ul>
          <br />
          <br />
          <a
            className="App-link"
            href="/redux-example"
            onClick={[Function]}
          >
            View Example Page with Redux integration
          </a>
        </div>
      </div>
    </div>
  </div>
</div>
`;
