// Jest Snapshot v1, https://goo.gl/fbAQLP

exports[`HelloPage it should render 1`] = `
<div
  className="page container"
>
  <div
    className="jumbotron jumbotron-fluid"
  >
    <div
      className="container"
    >
      <h1>
        Hello World!
      </h1>
      <a
        href="/"
        onClick={[Function]}
      >
        See Welcome Screen
      </a>
    </div>
  </div>
  <div
    className="container"
  >
    <img
      alt=""
      className="rounded-circle"
      src="/images/web.png"
      style={
        Object {
          "maxWidth": "300px",
        }
      }
    />
  </div>
</div>
`;
